[     189ms] [INFO] %cDownload the React DevTools for a better development experience: https://react.dev/link/react-devtools font-weight:bold @ http://localhost:3001/_next/static/chunks/node_modules_next_dist_1e8vcs8._.js:776
[     208ms] [LOG] [HMR] connected @ http://localhost:3001/_next/static/chunks/node_modules_next_dist_1e8vcs8._.js:776
[     516ms] [WARNING] Image with src "/novaged-assets/medicinaEstetica-DQhnxto0.png" has "fill" but is missing "sizes" prop. Please add it to improve page performance. Read more: https://nextjs.org/docs/api-reference/next/image#sizes @ http://localhost:3001/_next/static/chunks/node_modules_next_dist_1e8vcs8._.js:776
[     516ms] [WARNING] Image with src "/novaged-assets/medicinaEstetica-DQhnxto0.png" has "fill" and parent element with invalid "position". Provided "sticky" should be one of absolute,fixed,relative. @ http://localhost:3001/_next/static/chunks/node_modules_next_dist_1e8vcs8._.js:776
[     525ms] [WARNING] Image with src "/novaged-assets/ginecologia-BjPYN0D4.png" has "fill" but is missing "sizes" prop. Please add it to improve page performance. Read more: https://nextjs.org/docs/api-reference/next/image#sizes @ http://localhost:3001/_next/static/chunks/node_modules_next_dist_1e8vcs8._.js:776
[     525ms] [WARNING] Image with src "/novaged-assets/ginecologia-BjPYN0D4.png" has "fill" and parent element with invalid "position". Provided "sticky" should be one of absolute,fixed,relative. @ http://localhost:3001/_next/static/chunks/node_modules_next_dist_1e8vcs8._.js:776
[     532ms] [WARNING] Image with src "/novaged-assets/ecografia-De6bdoYN.png" has "fill" but is missing "sizes" prop. Please add it to improve page performance. Read more: https://nextjs.org/docs/api-reference/next/image#sizes @ http://localhost:3001/_next/static/chunks/node_modules_next_dist_1e8vcs8._.js:776
[     533ms] [WARNING] Image with src "/novaged-assets/ecografia-De6bdoYN.png" has "fill" and parent element with invalid "position". Provided "sticky" should be one of absolute,fixed,relative. @ http://localhost:3001/_next/static/chunks/node_modules_next_dist_1e8vcs8._.js:776
[     541ms] [WARNING] Image with src "/novaged-assets/fisioterapia-Dya6snx4.png" has "fill" but is missing "sizes" prop. Please add it to improve page performance. Read more: https://nextjs.org/docs/api-reference/next/image#sizes @ http://localhost:3001/_next/static/chunks/node_modules_next_dist_1e8vcs8._.js:776
[     541ms] [WARNING] Image with src "/novaged-assets/fisioterapia-Dya6snx4.png" has "fill" and parent element with invalid "position". Provided "sticky" should be one of absolute,fixed,relative. @ http://localhost:3001/_next/static/chunks/node_modules_next_dist_1e8vcs8._.js:776
[  442714ms] [INFO] %cDownload the React DevTools for a better development experience: https://react.dev/link/react-devtools font-weight:bold @ http://localhost:3001/_next/static/chunks/node_modules_next_dist_1e8vcs8._.js:776
[  442736ms] [LOG] [HMR] connected @ http://localhost:3001/_next/static/chunks/node_modules_next_dist_1e8vcs8._.js:776
[  442901ms] [WARNING] Image with src "/novaged-assets/medicinaEstetica-DQhnxto0.png" has "fill" but is missing "sizes" prop. Please add it to improve page performance. Read more: https://nextjs.org/docs/api-reference/next/image#sizes @ http://localhost:3001/_next/static/chunks/node_modules_next_dist_1e8vcs8._.js:776
[  442901ms] [WARNING] Image with src "/novaged-assets/medicinaEstetica-DQhnxto0.png" has "fill" and parent element with invalid "position". Provided "sticky" should be one of absolute,fixed,relative. @ http://localhost:3001/_next/static/chunks/node_modules_next_dist_1e8vcs8._.js:776
[  442907ms] [WARNING] Image with src "/novaged-assets/ginecologia-BjPYN0D4.png" has "fill" but is missing "sizes" prop. Please add it to improve page performance. Read more: https://nextjs.org/docs/api-reference/next/image#sizes @ http://localhost:3001/_next/static/chunks/node_modules_next_dist_1e8vcs8._.js:776
[  442908ms] [WARNING] Image with src "/novaged-assets/ginecologia-BjPYN0D4.png" has "fill" and parent element with invalid "position". Provided "sticky" should be one of absolute,fixed,relative. @ http://localhost:3001/_next/static/chunks/node_modules_next_dist_1e8vcs8._.js:776
[  442914ms] [WARNING] Image with src "/novaged-assets/ecografia-De6bdoYN.png" has "fill" but is missing "sizes" prop. Please add it to improve page performance. Read more: https://nextjs.org/docs/api-reference/next/image#sizes @ http://localhost:3001/_next/static/chunks/node_modules_next_dist_1e8vcs8._.js:776
[  442914ms] [WARNING] Image with src "/novaged-assets/ecografia-De6bdoYN.png" has "fill" and parent element with invalid "position". Provided "sticky" should be one of absolute,fixed,relative. @ http://localhost:3001/_next/static/chunks/node_modules_next_dist_1e8vcs8._.js:776
[  442921ms] [WARNING] Image with src "/novaged-assets/fisioterapia-Dya6snx4.png" has "fill" but is missing "sizes" prop. Please add it to improve page performance. Read more: https://nextjs.org/docs/api-reference/next/image#sizes @ http://localhost:3001/_next/static/chunks/node_modules_next_dist_1e8vcs8._.js:776
[  442921ms] [WARNING] Image with src "/novaged-assets/fisioterapia-Dya6snx4.png" has "fill" and parent element with invalid "position". Provided "sticky" should be one of absolute,fixed,relative. @ http://localhost:3001/_next/static/chunks/node_modules_next_dist_1e8vcs8._.js:776
[  455453ms] [INFO] %cDownload the React DevTools for a better development experience: https://react.dev/link/react-devtools font-weight:bold @ http://localhost:3001/_next/static/chunks/node_modules_next_dist_1e8vcs8._.js:776
[  455475ms] [LOG] [HMR] connected @ http://localhost:3001/_next/static/chunks/node_modules_next_dist_1e8vcs8._.js:776
[  455620ms] [WARNING] Image with src "/novaged-assets/medicinaEstetica-DQhnxto0.png" has "fill" but is missing "sizes" prop. Please add it to improve page performance. Read more: https://nextjs.org/docs/api-reference/next/image#sizes @ http://localhost:3001/_next/static/chunks/node_modules_next_dist_1e8vcs8._.js:776
[  455620ms] [WARNING] Image with src "/novaged-assets/medicinaEstetica-DQhnxto0.png" has "fill" and parent element with invalid "position". Provided "sticky" should be one of absolute,fixed,relative. @ http://localhost:3001/_next/static/chunks/node_modules_next_dist_1e8vcs8._.js:776
[  455626ms] [WARNING] Image with src "/novaged-assets/ginecologia-BjPYN0D4.png" has "fill" but is missing "sizes" prop. Please add it to improve page performance. Read more: https://nextjs.org/docs/api-reference/next/image#sizes @ http://localhost:3001/_next/static/chunks/node_modules_next_dist_1e8vcs8._.js:776
[  455626ms] [WARNING] Image with src "/novaged-assets/ginecologia-BjPYN0D4.png" has "fill" and parent element with invalid "position". Provided "sticky" should be one of absolute,fixed,relative. @ http://localhost:3001/_next/static/chunks/node_modules_next_dist_1e8vcs8._.js:776
[  455631ms] [WARNING] Image with src "/novaged-assets/ecografia-De6bdoYN.png" has "fill" but is missing "sizes" prop. Please add it to improve page performance. Read more: https://nextjs.org/docs/api-reference/next/image#sizes @ http://localhost:3001/_next/static/chunks/node_modules_next_dist_1e8vcs8._.js:776
[  455632ms] [WARNING] Image with src "/novaged-assets/ecografia-De6bdoYN.png" has "fill" and parent element with invalid "position". Provided "sticky" should be one of absolute,fixed,relative. @ http://localhost:3001/_next/static/chunks/node_modules_next_dist_1e8vcs8._.js:776
[  455637ms] [WARNING] Image with src "/novaged-assets/fisioterapia-Dya6snx4.png" has "fill" but is missing "sizes" prop. Please add it to improve page performance. Read more: https://nextjs.org/docs/api-reference/next/image#sizes @ http://localhost:3001/_next/static/chunks/node_modules_next_dist_1e8vcs8._.js:776
[  455637ms] [WARNING] Image with src "/novaged-assets/fisioterapia-Dya6snx4.png" has "fill" and parent element with invalid "position". Provided "sticky" should be one of absolute,fixed,relative. @ http://localhost:3001/_next/static/chunks/node_modules_next_dist_1e8vcs8._.js:776
[  456105ms] [INFO] %cDownload the React DevTools for a better development experience: https://react.dev/link/react-devtools font-weight:bold @ http://localhost:3001/_next/static/chunks/node_modules_next_dist_1e8vcs8._.js:776
[  456125ms] [LOG] [HMR] connected @ http://localhost:3001/_next/static/chunks/node_modules_next_dist_1e8vcs8._.js:776
[  456299ms] [INFO] %cDownload the React DevTools for a better development experience: https://react.dev/link/react-devtools font-weight:bold @ http://localhost:3001/_next/static/chunks/node_modules_next_dist_1e8vcs8._.js:776
[  456318ms] [LOG] [HMR] connected @ http://localhost:3001/_next/static/chunks/node_modules_next_dist_1e8vcs8._.js:776
[  456366ms] [WARNING] Image with src "/novaged-assets/medicinaEstetica-DQhnxto0.png" has "fill" but is missing "sizes" prop. Please add it to improve page performance. Read more: https://nextjs.org/docs/api-reference/next/image#sizes @ http://localhost:3001/_next/static/chunks/node_modules_next_dist_1e8vcs8._.js:776
[  456366ms] [WARNING] Image with src "/novaged-assets/medicinaEstetica-DQhnxto0.png" has "fill" and parent element with invalid "position". Provided "sticky" should be one of absolute,fixed,relative. @ http://localhost:3001/_next/static/chunks/node_modules_next_dist_1e8vcs8._.js:776
[  456372ms] [WARNING] Image with src "/novaged-assets/ginecologia-BjPYN0D4.png" has "fill" but is missing "sizes" prop. Please add it to improve page performance. Read more: https://nextjs.org/docs/api-reference/next/image#sizes @ http://localhost:3001/_next/static/chunks/node_modules_next_dist_1e8vcs8._.js:776
[  456373ms] [WARNING] Image with src "/novaged-assets/ginecologia-BjPYN0D4.png" has "fill" and parent element with invalid "position". Provided "sticky" should be one of absolute,fixed,relative. @ http://localhost:3001/_next/static/chunks/node_modules_next_dist_1e8vcs8._.js:776
[  456378ms] [WARNING] Image with src "/novaged-assets/ecografia-De6bdoYN.png" has "fill" but is missing "sizes" prop. Please add it to improve page performance. Read more: https://nextjs.org/docs/api-reference/next/image#sizes @ http://localhost:3001/_next/static/chunks/node_modules_next_dist_1e8vcs8._.js:776
[  456378ms] [WARNING] Image with src "/novaged-assets/ecografia-De6bdoYN.png" has "fill" and parent element with invalid "position". Provided "sticky" should be one of absolute,fixed,relative. @ http://localhost:3001/_next/static/chunks/node_modules_next_dist_1e8vcs8._.js:776
[  456539ms] [INFO] %cDownload the React DevTools for a better development experience: https://react.dev/link/react-devtools font-weight:bold @ http://localhost:3001/_next/static/chunks/node_modules_next_dist_1e8vcs8._.js:776
[  456562ms] [LOG] [HMR] connected @ http://localhost:3001/_next/static/chunks/node_modules_next_dist_1e8vcs8._.js:776
[  456728ms] [WARNING] Image with src "/novaged-assets/medicinaEstetica-DQhnxto0.png" has "fill" but is missing "sizes" prop. Please add it to improve page performance. Read more: https://nextjs.org/docs/api-reference/next/image#sizes @ http://localhost:3001/_next/static/chunks/node_modules_next_dist_1e8vcs8._.js:776
[  456728ms] [WARNING] Image with src "/novaged-assets/medicinaEstetica-DQhnxto0.png" has "fill" and parent element with invalid "position". Provided "sticky" should be one of absolute,fixed,relative. @ http://localhost:3001/_next/static/chunks/node_modules_next_dist_1e8vcs8._.js:776
[  456735ms] [WARNING] Image with src "/novaged-assets/ginecologia-BjPYN0D4.png" has "fill" but is missing "sizes" prop. Please add it to improve page performance. Read more: https://nextjs.org/docs/api-reference/next/image#sizes @ http://localhost:3001/_next/static/chunks/node_modules_next_dist_1e8vcs8._.js:776
[  456735ms] [WARNING] Image with src "/novaged-assets/ginecologia-BjPYN0D4.png" has "fill" and parent element with invalid "position". Provided "sticky" should be one of absolute,fixed,relative. @ http://localhost:3001/_next/static/chunks/node_modules_next_dist_1e8vcs8._.js:776
[  456741ms] [WARNING] Image with src "/novaged-assets/ecografia-De6bdoYN.png" has "fill" but is missing "sizes" prop. Please add it to improve page performance. Read more: https://nextjs.org/docs/api-reference/next/image#sizes @ http://localhost:3001/_next/static/chunks/node_modules_next_dist_1e8vcs8._.js:776
[  456741ms] [WARNING] Image with src "/novaged-assets/ecografia-De6bdoYN.png" has "fill" and parent element with invalid "position". Provided "sticky" should be one of absolute,fixed,relative. @ http://localhost:3001/_next/static/chunks/node_modules_next_dist_1e8vcs8._.js:776
[  456746ms] [WARNING] Image with src "/novaged-assets/fisioterapia-Dya6snx4.png" has "fill" but is missing "sizes" prop. Please add it to improve page performance. Read more: https://nextjs.org/docs/api-reference/next/image#sizes @ http://localhost:3001/_next/static/chunks/node_modules_next_dist_1e8vcs8._.js:776
[  456747ms] [WARNING] Image with src "/novaged-assets/fisioterapia-Dya6snx4.png" has "fill" and parent element with invalid "position". Provided "sticky" should be one of absolute,fixed,relative. @ http://localhost:3001/_next/static/chunks/node_modules_next_dist_1e8vcs8._.js:776
[  726618ms] [INFO] %cDownload the React DevTools for a better development experience: https://react.dev/link/react-devtools font-weight:bold @ http://localhost:3001/_next/static/chunks/node_modules_next_dist_1e8vcs8._.js:776
[  726649ms] [LOG] [HMR] connected @ http://localhost:3001/_next/static/chunks/node_modules_next_dist_1e8vcs8._.js:776
[  726829ms] [WARNING] Image with src "/novaged-assets/medicinaEstetica-DQhnxto0.png" has "fill" but is missing "sizes" prop. Please add it to improve page performance. Read more: https://nextjs.org/docs/api-reference/next/image#sizes @ http://localhost:3001/_next/static/chunks/node_modules_next_dist_1e8vcs8._.js:776
[  726829ms] [WARNING] Image with src "/novaged-assets/medicinaEstetica-DQhnxto0.png" has "fill" and parent element with invalid "position". Provided "sticky" should be one of absolute,fixed,relative. @ http://localhost:3001/_next/static/chunks/node_modules_next_dist_1e8vcs8._.js:776
[  726834ms] [WARNING] Image with src "/novaged-assets/ginecologia-BjPYN0D4.png" has "fill" but is missing "sizes" prop. Please add it to improve page performance. Read more: https://nextjs.org/docs/api-reference/next/image#sizes @ http://localhost:3001/_next/static/chunks/node_modules_next_dist_1e8vcs8._.js:776
[  726834ms] [WARNING] Image with src "/novaged-assets/ginecologia-BjPYN0D4.png" has "fill" and parent element with invalid "position". Provided "sticky" should be one of absolute,fixed,relative. @ http://localhost:3001/_next/static/chunks/node_modules_next_dist_1e8vcs8._.js:776
[  726841ms] [WARNING] Image with src "/novaged-assets/ecografia-De6bdoYN.png" has "fill" but is missing "sizes" prop. Please add it to improve page performance. Read more: https://nextjs.org/docs/api-reference/next/image#sizes @ http://localhost:3001/_next/static/chunks/node_modules_next_dist_1e8vcs8._.js:776
[  726841ms] [WARNING] Image with src "/novaged-assets/ecografia-De6bdoYN.png" has "fill" and parent element with invalid "position". Provided "sticky" should be one of absolute,fixed,relative. @ http://localhost:3001/_next/static/chunks/node_modules_next_dist_1e8vcs8._.js:776
[  726855ms] [WARNING] Image with src "/novaged-assets/fisioterapia-Dya6snx4.png" has "fill" but is missing "sizes" prop. Please add it to improve page performance. Read more: https://nextjs.org/docs/api-reference/next/image#sizes @ http://localhost:3001/_next/static/chunks/node_modules_next_dist_1e8vcs8._.js:776
[  726855ms] [WARNING] Image with src "/novaged-assets/fisioterapia-Dya6snx4.png" has "fill" and parent element with invalid "position". Provided "sticky" should be one of absolute,fixed,relative. @ http://localhost:3001/_next/static/chunks/node_modules_next_dist_1e8vcs8._.js:776
