[     208ms] [INFO] %cDownload the React DevTools for a better development experience: https://react.dev/link/react-devtools font-weight:bold @ http://localhost:3001/_next/static/chunks/node_modules_next_dist_1e8vcs8._.js:776
[     258ms] [LOG] [HMR] connected @ http://localhost:3001/_next/static/chunks/node_modules_next_dist_1e8vcs8._.js:776
[     486ms] [WARNING] Image with src "/novaged-assets/medicinaEstetica-DQhnxto0.png" has "fill" but is missing "sizes" prop. Please add it to improve page performance. Read more: https://nextjs.org/docs/api-reference/next/image#sizes @ http://localhost:3001/_next/static/chunks/node_modules_next_dist_1e8vcs8._.js:776
[     487ms] [WARNING] Image with src "/novaged-assets/medicinaEstetica-DQhnxto0.png" has "fill" and parent element with invalid "position". Provided "sticky" should be one of absolute,fixed,relative. @ http://localhost:3001/_next/static/chunks/node_modules_next_dist_1e8vcs8._.js:776
[   31125ms] [WARNING] Image with src "/novaged-assets/ginecologia-BjPYN0D4.png" has "fill" but is missing "sizes" prop. Please add it to improve page performance. Read more: https://nextjs.org/docs/api-reference/next/image#sizes @ http://localhost:3001/_next/static/chunks/node_modules_next_dist_1e8vcs8._.js:776
[   31125ms] [WARNING] Image with src "/novaged-assets/ginecologia-BjPYN0D4.png" has "fill" and parent element with invalid "position". Provided "sticky" should be one of absolute,fixed,relative. @ http://localhost:3001/_next/static/chunks/node_modules_next_dist_1e8vcs8._.js:776
[   32051ms] [WARNING] Image with src "/novaged-assets/ecografia-De6bdoYN.png" has "fill" but is missing "sizes" prop. Please add it to improve page performance. Read more: https://nextjs.org/docs/api-reference/next/image#sizes @ http://localhost:3001/_next/static/chunks/node_modules_next_dist_1e8vcs8._.js:776
[   32052ms] [WARNING] Image with src "/novaged-assets/ecografia-De6bdoYN.png" has "fill" and parent element with invalid "position". Provided "sticky" should be one of absolute,fixed,relative. @ http://localhost:3001/_next/static/chunks/node_modules_next_dist_1e8vcs8._.js:776
[   43755ms] [INFO] %cDownload the React DevTools for a better development experience: https://react.dev/link/react-devtools font-weight:bold @ http://localhost:3001/_next/static/chunks/node_modules_next_dist_1e8vcs8._.js:776
[   43774ms] [LOG] [HMR] connected @ http://localhost:3001/_next/static/chunks/node_modules_next_dist_1e8vcs8._.js:776
[   43833ms] [WARNING] Image with src "/novaged-assets/medicinaEstetica-DQhnxto0.png" has "fill" but is missing "sizes" prop. Please add it to improve page performance. Read more: https://nextjs.org/docs/api-reference/next/image#sizes @ http://localhost:3001/_next/static/chunks/node_modules_next_dist_1e8vcs8._.js:776
[   43833ms] [WARNING] Image with src "/novaged-assets/medicinaEstetica-DQhnxto0.png" has "fill" and parent element with invalid "position". Provided "sticky" should be one of absolute,fixed,relative. @ http://localhost:3001/_next/static/chunks/node_modules_next_dist_1e8vcs8._.js:776
[   43949ms] [WARNING] Image with src "/novaged-assets/ginecologia-BjPYN0D4.png" has "fill" but is missing "sizes" prop. Please add it to improve page performance. Read more: https://nextjs.org/docs/api-reference/next/image#sizes @ http://localhost:3001/_next/static/chunks/node_modules_next_dist_1e8vcs8._.js:776
[   43949ms] [WARNING] Image with src "/novaged-assets/ginecologia-BjPYN0D4.png" has "fill" and parent element with invalid "position". Provided "sticky" should be one of absolute,fixed,relative. @ http://localhost:3001/_next/static/chunks/node_modules_next_dist_1e8vcs8._.js:776
[   61089ms] [WARNING] Image with src "/novaged-assets/ecografia-De6bdoYN.png" has "fill" but is missing "sizes" prop. Please add it to improve page performance. Read more: https://nextjs.org/docs/api-reference/next/image#sizes @ http://localhost:3001/_next/static/chunks/node_modules_next_dist_1e8vcs8._.js:776
[   61089ms] [WARNING] Image with src "/novaged-assets/ecografia-De6bdoYN.png" has "fill" and parent element with invalid "position". Provided "sticky" should be one of absolute,fixed,relative. @ http://localhost:3001/_next/static/chunks/node_modules_next_dist_1e8vcs8._.js:776
[   70262ms] [LOG] Running with experiment IDs: [106288167] @ https://maps.googleapis.com/maps-api-v3/api/js/66/4d/intl/es_ALL/main.js:312
[   83248ms] [INFO] %cDownload the React DevTools for a better development experience: https://react.dev/link/react-devtools font-weight:bold @ http://localhost:3001/_next/static/chunks/node_modules_next_dist_1e8vcs8._.js:776
[   83351ms] [LOG] [HMR] connected @ http://localhost:3001/_next/static/chunks/node_modules_next_dist_1e8vcs8._.js:776
[   83490ms] [WARNING] Image with src "/novaged-assets/medicinaEstetica-DQhnxto0.png" has "fill" but is missing "sizes" prop. Please add it to improve page performance. Read more: https://nextjs.org/docs/api-reference/next/image#sizes @ http://localhost:3001/_next/static/chunks/node_modules_next_dist_1e8vcs8._.js:776
[   83490ms] [WARNING] Image with src "/novaged-assets/medicinaEstetica-DQhnxto0.png" has "fill" and parent element with invalid "position". Provided "sticky" should be one of absolute,fixed,relative. @ http://localhost:3001/_next/static/chunks/node_modules_next_dist_1e8vcs8._.js:776
[   83497ms] [WARNING] Image with src "/novaged-assets/ginecologia-BjPYN0D4.png" has "fill" but is missing "sizes" prop. Please add it to improve page performance. Read more: https://nextjs.org/docs/api-reference/next/image#sizes @ http://localhost:3001/_next/static/chunks/node_modules_next_dist_1e8vcs8._.js:776
[   83497ms] [WARNING] Image with src "/novaged-assets/ginecologia-BjPYN0D4.png" has "fill" and parent element with invalid "position". Provided "sticky" should be one of absolute,fixed,relative. @ http://localhost:3001/_next/static/chunks/node_modules_next_dist_1e8vcs8._.js:776
[   83499ms] [WARNING] Image with src "/novaged-assets/ecografia-De6bdoYN.png" has "fill" but is missing "sizes" prop. Please add it to improve page performance. Read more: https://nextjs.org/docs/api-reference/next/image#sizes @ http://localhost:3001/_next/static/chunks/node_modules_next_dist_1e8vcs8._.js:776
[   83499ms] [WARNING] Image with src "/novaged-assets/ecografia-De6bdoYN.png" has "fill" and parent element with invalid "position". Provided "sticky" should be one of absolute,fixed,relative. @ http://localhost:3001/_next/static/chunks/node_modules_next_dist_1e8vcs8._.js:776
[   83505ms] [WARNING] Image with src "/novaged-assets/fisioterapia-Dya6snx4.png" has "fill" but is missing "sizes" prop. Please add it to improve page performance. Read more: https://nextjs.org/docs/api-reference/next/image#sizes @ http://localhost:3001/_next/static/chunks/node_modules_next_dist_1e8vcs8._.js:776
[   83505ms] [WARNING] Image with src "/novaged-assets/fisioterapia-Dya6snx4.png" has "fill" and parent element with invalid "position". Provided "sticky" should be one of absolute,fixed,relative. @ http://localhost:3001/_next/static/chunks/node_modules_next_dist_1e8vcs8._.js:776
[   83518ms] [WARNING] Image with src "/novaged-assets/enfermeria-BQQNcDdH.png" has "fill" but is missing "sizes" prop. Please add it to improve page performance. Read more: https://nextjs.org/docs/api-reference/next/image#sizes @ http://localhost:3001/_next/static/chunks/node_modules_next_dist_1e8vcs8._.js:776
[   83518ms] [WARNING] Image with src "/novaged-assets/enfermeria-BQQNcDdH.png" has "fill" and parent element with invalid "position". Provided "sticky" should be one of absolute,fixed,relative. @ http://localhost:3001/_next/static/chunks/node_modules_next_dist_1e8vcs8._.js:776
[   83531ms] [WARNING] Image with src "/novaged-assets/perfeccion-kIRxN5hD.png" has "fill" but is missing "sizes" prop. Please add it to improve page performance. Read more: https://nextjs.org/docs/api-reference/next/image#sizes @ http://localhost:3001/_next/static/chunks/node_modules_next_dist_1e8vcs8._.js:776
[   83532ms] [WARNING] Image with src "/novaged-assets/DraNovaged-CZHbEtUk.jpeg" has "fill" but is missing "sizes" prop. Please add it to improve page performance. Read more: https://nextjs.org/docs/api-reference/next/image#sizes @ http://localhost:3001/_next/static/chunks/node_modules_next_dist_1e8vcs8._.js:776
[   83700ms] [LOG] Running with experiment IDs: [106288167] @ https://maps.googleapis.com/maps-api-v3/api/js/66/4d/intl/es_ALL/main.js:312
